/usr/bin/AssetCacheLocatorUtil
/usr/bin/AssetCacheManagerUtil
/usr/bin/AssetCacheTetheratorUtil
/usr/bin/BuildStrings
/usr/bin/CpMac
/usr/bin/DeRez
/usr/bin/GetFileInfo
/usr/bin/IOAccelMemory
/usr/bin/MergePef
/usr/bin/MvMac
/usr/bin/ResMerger
/usr/bin/Rez
/usr/bin/RezDet
/usr/bin/RezWack
/usr/bin/SafeEjectGPU
/usr/bin/SetFile
/usr/bin/SplitForks
/usr/bin/UnRezWack
/usr/bin/addftinfo
/usr/bin/afclip
/usr/bin/afconvert
/usr/bin/afhash
/usr/bin/afida
/usr/bin/afinfo
/usr/bin/afplay
/usr/bin/afscexpand
/usr/bin/agentxtrap
/usr/bin/agvtool
/usr/bin/applesingle
/usr/bin/apply
/usr/bin/ar
/usr/bin/as
/usr/bin/asa
/usr/bin/asctl
/usr/bin/assetutil
/usr/bin/atos
/usr/bin/atsutil
/usr/bin/automator
/usr/bin/avbdiagnose
/usr/bin/avbutil
/usr/bin/avconvert
/usr/bin/avmetareadwrite
/usr/bin/awk
/usr/bin/banner
/usr/bin/base64
/usr/bin/basename
/usr/bin/bc
/usr/bin/biff
/usr/bin/binhex
/usr/bin/bioutil
/usr/bin/bison
/usr/bin/brctl
/usr/bin/bsdtar
/usr/bin/bspatch
/usr/bin/bunzip2
/usr/bin/bzcat
/usr/bin/bzegrep
/usr/bin/bzfgrep
/usr/bin/bzgrep
/usr/bin/bzip2
/usr/bin/bzip2recover
/usr/bin/c++
/usr/bin/c++filt
/usr/bin/c89
/usr/bin/c99
/usr/bin/caffeinate
/usr/bin/cal
/usr/bin/calendar
/usr/bin/cancel
/usr/bin/cap_mkdb
/usr/bin/captoinfo
/usr/bin/cc
/usr/bin/certtool
/usr/bin/checknr
/usr/bin/chflags
/usr/bin/chgrp
/usr/bin/cksum
/usr/bin/clang
/usr/bin/clang++
/usr/bin/clear
/usr/bin/cmp
/usr/bin/cmpdylib
/usr/bin/codesign
/usr/bin/codesign_allocate
/usr/bin/col
/usr/bin/colcrt
/usr/bin/colldef
/usr/bin/colrm
/usr/bin/column
/usr/bin/comm
/usr/bin/compress
/usr/bin/compression_tool
/usr/bin/corebrightnessdiag
/usr/bin/cpio
/usr/bin/cpp
/usr/bin/crlrefresh
/usr/bin/crontab
/usr/bin/csgather
/usr/bin/csplit
/usr/bin/csreq
/usr/bin/csrutil
/usr/bin/ctags
/usr/bin/ctf_insert
/usr/bin/cu
/usr/bin/cupstestdsc
/usr/bin/cupstestppd
/usr/bin/curl
/usr/bin/cut
/usr/bin/cvaffinity
/usr/bin/cvcp
/usr/bin/cvmkdir
/usr/bin/cvmkfile
/usr/bin/dc
/usr/bin/defaults
/usr/bin/delv
/usr/bin/desdp
/usr/bin/diff
/usr/bin/diff3
/usr/bin/diffstat
/usr/bin/dig
/usr/bin/dirname
/usr/bin/ditto
/usr/bin/dmc
/usr/bin/dns-sd
/usr/bin/drutil
/usr/bin/dscacheutil
/usr/bin/dscl
/usr/bin/dserr
/usr/bin/dsexport
/usr/bin/dsimport
/usr/bin/dsmemberutil
/usr/bin/dsymutil
/usr/bin/du
/usr/bin/dwarfdump
/usr/bin/egrep
/usr/bin/emacs
/usr/bin/emacs-undumped
/usr/bin/emacsclient
/usr/bin/encode_keychange
/usr/bin/env
/usr/bin/eqn
/usr/bin/etags
/usr/bin/ex
/usr/bin/expand
/usr/bin/false
/usr/bin/fdesetup
/usr/bin/fgrep
/usr/bin/find
/usr/bin/finger
/usr/bin/flex
/usr/bin/flex++
/usr/bin/fmt
/usr/bin/fold
/usr/bin/fontrestore
/usr/bin/footprint
/usr/bin/from
/usr/bin/fs_usage
/usr/bin/funzip
/usr/bin/fwkdp
/usr/bin/fwkpfv
/usr/bin/g++
/usr/bin/gatherheaderdoc
/usr/bin/gcc
/usr/bin/gcov
/usr/bin/gencat
/usr/bin/genstrings
/usr/bin/getopt
/usr/bin/git
/usr/bin/git-cvsserver
/usr/bin/git-receive-pack
/usr/bin/git-shell
/usr/bin/git-upload-archive
/usr/bin/git-upload-pack
/usr/bin/gm4
/usr/bin/gnumake
/usr/bin/gperf
/usr/bin/grep
/usr/bin/grn
/usr/bin/grodvi
/usr/bin/groff
/usr/bin/grolbp
/usr/bin/grolj4
/usr/bin/grops
/usr/bin/grotty
/usr/bin/groups
/usr/bin/gunzip
/usr/bin/gzcat
/usr/bin/gzip
/usr/bin/hdid
/usr/bin/hdiutil
/usr/bin/hdxml2manxml
/usr/bin/head
/usr/bin/headerdoc2html
/usr/bin/heap
/usr/bin/hexdump
/usr/bin/hidutil
/usr/bin/hiutil
/usr/bin/host
/usr/bin/hpftodit
/usr/bin/hpmdiagnose
/usr/bin/ibtool
/usr/bin/iconutil
/usr/bin/iconv
/usr/bin/ictool
/usr/bin/id
/usr/bin/indent
/usr/bin/indxbib
/usr/bin/info
/usr/bin/infocmp
/usr/bin/infokey
/usr/bin/infotocap
/usr/bin/install
/usr/bin/install-info
/usr/bin/install_name_tool
/usr/bin/instruments
/usr/bin/ipcrm
/usr/bin/ipcs
/usr/bin/ippfind
/usr/bin/ipptool
/usr/bin/iprofiler
/usr/bin/iscsictl
/usr/bin/join
/usr/bin/jot
/usr/bin/kcc
/usr/bin/kdestroy
/usr/bin/kgetcred
/usr/bin/killall
/usr/bin/kinit
/usr/bin/klist
/usr/bin/kpasswd
/usr/bin/kswitch
/usr/bin/ktrace
/usr/bin/lam
/usr/bin/last
/usr/bin/lastcomm
/usr/bin/layerutil
/usr/bin/ld
/usr/bin/ldapadd
/usr/bin/ldapcompare
/usr/bin/ldapdelete
/usr/bin/ldapexop
/usr/bin/ldapmodify
/usr/bin/ldapmodrdn
/usr/bin/ldappasswd
/usr/bin/ldapsearch
/usr/bin/ldapurl
/usr/bin/ldapwhoami
/usr/bin/leaks
/usr/bin/leave
/usr/bin/less
/usr/bin/lessecho
/usr/bin/lex
/usr/bin/libtool
/usr/bin/lipo
/usr/bin/lkbib
/usr/bin/lldb
/usr/bin/llvm-g++
/usr/bin/llvm-gcc
/usr/bin/locale
/usr/bin/locate
/usr/bin/lockstat
/usr/bin/log
/usr/bin/logger
/usr/bin/logname
/usr/bin/look
/usr/bin/lookbib
/usr/bin/lorder
/usr/bin/lp
/usr/bin/lpoptions
/usr/bin/lpq
/usr/bin/lpr
/usr/bin/lprm
/usr/bin/lpstat
/usr/bin/lsappinfo
/usr/bin/lsbom
/usr/bin/lsm
/usr/bin/lsvfs
/usr/bin/m4
/usr/bin/macbinary
/usr/bin/mail
/usr/bin/mailq
/usr/bin/mailx
/usr/bin/make
/usr/bin/makeinfo
/usr/bin/malloc_history
/usr/bin/man
/usr/bin/manpath
/usr/bin/mcxquery
/usr/bin/mcxrefresh
/usr/bin/mddiagnose
/usr/bin/mdfind
/usr/bin/mdimport
/usr/bin/mdls
/usr/bin/mdutil
/usr/bin/mesg
/usr/bin/mig
/usr/bin/mkbom
/usr/bin/mkdep
/usr/bin/mkfifo
/usr/bin/mklocale
/usr/bin/mktemp
/usr/bin/mnthome
/usr/bin/more
/usr/bin/msgs
/usr/bin/nano
/usr/bin/nasm
/usr/bin/nbdst
/usr/bin/nc
/usr/bin/ncal
/usr/bin/ncctl
/usr/bin/ncdestroy
/usr/bin/ncinit
/usr/bin/nclist
/usr/bin/ndisasm
/usr/bin/nettop
/usr/bin/newaliases
/usr/bin/nfsstat
/usr/bin/nice
/usr/bin/nl
/usr/bin/nm
/usr/bin/nmedit
/usr/bin/nohup
/usr/bin/notifyutil
/usr/bin/nscurl
/usr/bin/nslookup
/usr/bin/nsupdate
/usr/bin/ntp-keygen
/usr/bin/ntpq
/usr/bin/objdump
/usr/bin/od
/usr/bin/odutil
/usr/bin/open
/usr/bin/opendiff
/usr/bin/osacompile
/usr/bin/osadecompile
/usr/bin/osalang
/usr/bin/osascript
/usr/bin/otool
/usr/bin/pagestuff
/usr/bin/paste
/usr/bin/patch
/usr/bin/pathchk
/usr/bin/pbcopy
/usr/bin/pbpaste
/usr/bin/pfbtops
/usr/bin/pgrep
/usr/bin/php
/usr/bin/pic
/usr/bin/pico
/usr/bin/pkgbuild
/usr/bin/pkill
/usr/bin/pl
/usr/bin/plockstat
/usr/bin/pluginkit
/usr/bin/plutil
/usr/bin/pmset
/usr/bin/post-grohtml
/usr/bin/powerdd
/usr/bin/powermetrics
/usr/bin/ppdc
/usr/bin/ppdhtml
/usr/bin/ppdi
/usr/bin/ppdmerge
/usr/bin/ppdpo
/usr/bin/pr
/usr/bin/pre-grohtml
/usr/bin/printenv
/usr/bin/printf
/usr/bin/productbuild
/usr/bin/productsign
/usr/bin/profiles
/usr/bin/pstopdf
/usr/bin/pwpolicy
/usr/bin/qlmanage
/usr/bin/qtmodernizer
/usr/bin/quota
/usr/bin/ranlib
/usr/bin/readlink
/usr/bin/rebase
/usr/bin/redo_prebinding
/usr/bin/refer
/usr/bin/renice
/usr/bin/reset
/usr/bin/resolveLinks
/usr/bin/rev
/usr/bin/rpcgen
/usr/bin/rs
/usr/bin/rsync
/usr/bin/rview
/usr/bin/rvim
/usr/bin/safaridriver
/usr/bin/sample
/usr/bin/sandbox-exec
/usr/bin/say
/usr/bin/scp
/usr/bin/screen
/usr/bin/script
/usr/bin/sdef
/usr/bin/sdiff
/usr/bin/sdp
/usr/bin/security
/usr/bin/sed
/usr/bin/segedit
/usr/bin/seq
/usr/bin/setregion
/usr/bin/sfltool
/usr/bin/sftp
/usr/bin/shlock
/usr/bin/showmount
/usr/bin/sips
/usr/bin/size
/usr/bin/slogin
/usr/bin/smbutil
/usr/bin/snfsdefrag
/usr/bin/snmpbulkget
/usr/bin/snmpbulkwalk
/usr/bin/snmpdelta
/usr/bin/snmpdf
/usr/bin/snmpget
/usr/bin/snmpgetnext
/usr/bin/snmpinform
/usr/bin/snmpnetstat
/usr/bin/snmpset
/usr/bin/snmpstatus
/usr/bin/snmptable
/usr/bin/snmptest
/usr/bin/snmptranslate
/usr/bin/snmptrap
/usr/bin/snmpusm
/usr/bin/snmpvacm
/usr/bin/snmpwalk
/usr/bin/sntp
/usr/bin/soelim
/usr/bin/sort
/usr/bin/split
/usr/bin/ssh
/usr/bin/ssh-add
/usr/bin/ssh-agent
/usr/bin/ssh-keygen
/usr/bin/ssh-keyscan
/usr/bin/stat
/usr/bin/stringdups
/usr/bin/strings
/usr/bin/strip
/usr/bin/su
/usr/bin/sum
/usr/bin/svn
/usr/bin/svnadmin
/usr/bin/svndumpfilter
/usr/bin/svnlook
/usr/bin/svnserve
/usr/bin/svnsync
/usr/bin/svnversion
/usr/bin/sw_vers
/usr/bin/swift
/usr/bin/swiftc
/usr/bin/symbols
/usr/bin/symbolscache
/usr/bin/sysdiagnose
/usr/bin/syslog
/usr/bin/tabs
/usr/bin/tail
/usr/bin/tailspin
/usr/bin/talk
/usr/bin/tar
/usr/bin/taskinfo
/usr/bin/tbl
/usr/bin/tbtdiagnose
/usr/bin/tccutil
/usr/bin/tee
/usr/bin/texindex
/usr/bin/textutil
/usr/bin/tfmtodit
/usr/bin/tftp
/usr/bin/thermal
/usr/bin/tic
/usr/bin/tiff2icns
/usr/bin/tiffutil
/usr/bin/time
/usr/bin/tmdiagnose
/usr/bin/tmutil
/usr/bin/toe
/usr/bin/top
/usr/bin/tops
/usr/bin/touch
/usr/bin/tput
/usr/bin/tr
/usr/bin/trimforce
/usr/bin/troff
/usr/bin/true
/usr/bin/tset
/usr/bin/tsort
/usr/bin/tty
/usr/bin/ul
/usr/bin/uname
/usr/bin/uncompress
/usr/bin/unexpand
/usr/bin/unifdef
/usr/bin/unifdefall
/usr/bin/uniq
/usr/bin/units
/usr/bin/unvis
/usr/bin/unzip
/usr/bin/unzipsfx
/usr/bin/update_dyld_shared_cache
/usr/bin/uptime
/usr/bin/usbkdp
/usr/bin/users
/usr/bin/uucp
/usr/bin/uudecode
/usr/bin/uuencode
/usr/bin/uulog
/usr/bin/uuname
/usr/bin/uupick
/usr/bin/uustat
/usr/bin/uux
/usr/bin/vi
/usr/bin/view
/usr/bin/vim
/usr/bin/vimdiff
/usr/bin/vis
/usr/bin/vmmap
/usr/bin/w
/usr/bin/wall
/usr/bin/wc
/usr/bin/wdutil
/usr/bin/what
/usr/bin/whereis
/usr/bin/which
/usr/bin/who
/usr/bin/whoami
/usr/bin/whois
/usr/bin/write
/usr/bin/xar
/usr/bin/xargs
/usr/bin/xcode-select
/usr/bin/xcodebuild
/usr/bin/xcrun
/usr/bin/xcscontrol
/usr/bin/xcsdiagnose
/usr/bin/xed
/usr/bin/xip
/usr/bin/xml2man
/usr/bin/xxd
/usr/bin/yaa
/usr/bin/yacc
/usr/bin/yes
/usr/bin/ypcat
/usr/bin/ypmatch
/usr/bin/ypwhich
/usr/bin/zcat
/usr/bin/zegrep
/usr/bin/zfgrep
/usr/bin/zgrep
/usr/bin/zip
/usr/bin/zipcloak
/usr/bin/zipinfo
/usr/bin/zipnote
/usr/bin/zipsplit
